<html>
<body>
<pre>
<h1>µVision Build Log</h1>
<h2>Tool Versions:</h2>
IDE-Version: ¦ÌVision V5.29.0.0
Copyright (C) 2019 ARM Ltd and ARM Germany GmbH. All rights reserved.
License Information: wu huipeng, wu, LIC=IK1BF-617D5-KPWZY-ID09T-JGC9W-RV72M
 
Tool Versions:
Toolchain:       MDK-ARM Plus  Version: 5.29.0.0
Toolchain Path:  C:\Keil_v5\ARM\ARMCC\Bin
C Compiler:      Armcc.exe V5.06 update 6 (build 750)
Assembler:       Armasm.exe V5.06 update 6 (build 750)
Linker/Locator:  ArmLink.exe V5.06 update 6 (build 750)
Library Manager: ArmAr.exe V5.06 update 6 (build 750)
Hex Converter:   FromElf.exe V5.06 update 6 (build 750)
CPU DLL:         SARMCM3.DLL V5.29.0.0
Dialog DLL:      DCM.DLL V1.17.3.0
Target DLL:      STLink\ST-LINKIII-KEIL_SWO.dll V3.0.7.0
Dialog DLL:      TCM.DLL V1.36.5.0
 
<h2>Project:</h2>
F:\Gitee\STM32\Nebula\3.Software\Nebula_st_mdk\MDK-ARM\Nebula_st_mdk.uvprojx
Project File Date:  04/16/2025

<h2>Output:</h2>
*** Using Compiler 'V5.06 update 6 (build 750)', folder: 'C:\Keil_v5\ARM\ARMCC\Bin'
Build target 'Nebula_st_mdk'
compiling AuroFOC.c...
..\FOC\AuroFOC.c(305): warning:  #1035-D: single-precision operand implicitly converted to double-precision
  			compensate_talbe[i] = fabsf(compensate_talbe[i] - mean_data) * 0.000002;
..\FOC\AuroFOC.c(296): warning:  #177-D: variable "filiter_data"  was declared but never referenced
  		float filiter_data = 0;
..\FOC\AuroFOC.c(357): warning:  #550-D: variable "Uq_cogging"  was set but never used
  	float Uq_cogging = 0;
..\FOC\AuroFOC.c(516): warning:  #1-D: last line of file ends without a newline
  }
..\FOC\AuroFOC.c: 4 warnings, 0 errors
linking...
Program Size: Code=47090 RO-data=862 RW-data=456 ZI-data=24352  
FromELF: creating hex file...
After Build - User command #1: F:\Gitee\STM32\Nebula\3.Software\Nebula_st_mdk\MDK-ARM\keil5_disp_size_bar.exe
ram:
  RW_IRAM1 :0x20000000
   32.00 KB :|¡ö¡ö¡ö¡ö¡ö¡ö¡ö¡ö¡ö¡ö¡ö¡ö¡ö¡ö¡ö_____|   75.71 % (   24.23 KB /    32.00 KB) [7960 B]
flash:
  ER_IROM1 :0x8000000
  128.00 KB :|¡ö¡ö¡ö¡ö¡ö¡ö¡ö_____________|   36.58 % (   46.83 KB /   128.00 KB) [83120 B]
"Nebula_st_mdk\Nebula_st_mdk.axf" - 0 Error(s), 4 Warning(s).

<h2>Software Packages used:</h2>

Package Vendor: ARM
                http://www.keil.com/pack/ARM.CMSIS.5.6.0.pack
                ARM.CMSIS.5.6.0
                CMSIS (Cortex Microcontroller Software Interface Standard)
   * Component: CORE Version: 5.3.0

Package Vendor: Keil
                https://www.keil.com/pack/Keil.STM32G4xx_DFP.1.5.0.pack
                Keil.STM32G4xx_DFP.1.5.0
                STMicroelectronics STM32G4 Series Device Support, Drivers and Examples

<h2>Collection of Component include folders:</h2>
  .\RTE\_Nebula_st_mdk
  C:\Users\HP\AppData\Local\Arm\Packs\ARM\CMSIS\5.6.0\CMSIS\Core\Include
  C:\Users\HP\AppData\Local\Arm\Packs\Keil\STM32G4xx_DFP\1.5.0\Drivers\CMSIS\Device\ST\STM32G4xx\Include

<h2>Collection of Component Files used:</h2>

   * Component: ARM::CMSIS:CORE:5.3.0
Build Time Elapsed:  00:00:03
</pre>
</body>
</html>
